// Jest Snapshot v1, https://goo.gl/fbAQLP

exports[`<Home /> should render 1`] = `
.c1 {
  max-width: 120rem;
  margin: 0 auto;
  padding: 3.2rem;
  width: 100%;
}

.c3 {
  color: #0A1128;
  font-size: 4.0rem;
  text-transform: uppercase;
}

.c5 {
  font-size: 2.4rem;
}

.c0 {
  background: #ffffff;
  color: #0a1128;
  min-height: 100vh;
  display: -webkit-box;
  display: -webkit-flex;
  display: -ms-flexbox;
  display: flex;
  -webkit-align-items: center;
  -webkit-box-align: center;
  -ms-flex-align: center;
  align-items: center;
}

.c2 {
  text-align: center;
  max-width: 58rem;
  margin: 0 auto;
}

.c4 {
  margin: 6.4rem 0;
}

<div>
  <div
    class="c0"
    id=""
  >
    <div
      class="c1"
    >
      <div
        class="c2"
      >
        <h2
          class="c3"
        >
          Error 404
        </h2>
        <div
          class="c4"
        >
          <div
            class="c5"
          >
            <p>
              A página que você busca não foi encontrada. 
              <a
                href="/"
              >
                Clique aqui para voltar
              </a>
              .
            </p>
          </div>
        </div>
      </div>
    </div>
  </div>
</div>
`;
